{"__type":"$$EventMessageAudit","id":"8d0d2e5b-4b24-41ff-96d3-4c9dd675d3bd","ts":"2025-12-26T06:00:51.748+00:00","eventName":"n8n.audit.user.credentials.created","message":"n8n.audit.user.credentials.created","payload":{"userId":"dbc383cd-b475-455f-9322-1e92a500ceb2","_email":"hassanahmedawan128@gmail.com","_firstName":"Hassan","_lastName":"Ahmed","globalRole":"global:owner","credentialType":"postgres","credentialId":"Otw7JF9QLBS6v61W","publicApi":false,"projectId":"DPBY1JYRKLJ4JNB8","projectType":"personal"}}
{"__type":"$$EventMessageConfirm","confirm":"8d0d2e5b-4b24-41ff-96d3-4c9dd675d3bd","ts":"2025-12-26T06:00:51.752+00:00","source":{"id":"0","name":"eventBus"}}
{"__type":"$$EventMessageAudit","id":"4adb27f8-910a-4441-b4ea-96c421ee3509","ts":"2025-12-26T06:03:40.115+00:00","eventName":"n8n.audit.user.credentials.created","message":"n8n.audit.user.credentials.created","payload":{"userId":"dbc383cd-b475-455f-9322-1e92a500ceb2","_email":"hassanahmedawan128@gmail.com","_firstName":"Hassan","_lastName":"Ahmed","globalRole":"global:owner","credentialType":"serpApi","credentialId":"RRxSvSpu1dLuE8Jb","publicApi":false,"projectId":"DPBY1JYRKLJ4JNB8","projectType":"personal"}}
{"__type":"$$EventMessageConfirm","confirm":"4adb27f8-910a-4441-b4ea-96c421ee3509","ts":"2025-12-26T06:03:40.115+00:00","source":{"id":"0","name":"eventBus"}}
{"__type":"$$EventMessageAudit","id":"7685766b-30ef-4098-917c-1310641c68e7","ts":"2025-12-26T01:04:15.368-05:00","eventName":"n8n.audit.workflow.created","message":"n8n.audit.workflow.created","payload":{"userId":"dbc383cd-b475-455f-9322-1e92a500ceb2","_email":"hassanahmedawan128@gmail.com","_firstName":"Hassan","_lastName":"Ahmed","globalRole":"global:owner","workflowId":"MjIy66BOwYRMpnpH","workflowName":"News Headline Fact-Checker"}}
{"__type":"$$EventMessageConfirm","confirm":"7685766b-30ef-4098-917c-1310641c68e7","ts":"2025-12-26T01:04:15.368-05:00","source":{"id":"0","name":"eventBus"}}
{"__type":"$$EventMessageWorkflow","id":"2d97293d-d361-48c0-a19e-a3371ae09128","ts":"2025-12-26T01:04:15.612-05:00","eventName":"n8n.workflow.started","message":"n8n.workflow.started","payload":{"executionId":"1","workflowId":"MjIy66BOwYRMpnpH","isManual":false,"workflowName":"News Headline Fact-Checker"}}
{"__type":"$$EventMessageConfirm","confirm":"2d97293d-d361-48c0-a19e-a3371ae09128","ts":"2025-12-26T01:04:15.612-05:00","source":{"id":"0","name":"eventBus"}}
{"__type":"$$EventMessageNode","id":"88754bef-8872-43e6-8d95-07911f566ee1","ts":"2025-12-26T01:04:15.615-05:00","eventName":"n8n.node.started","message":"n8n.node.started","payload":{"workflowId":"MjIy66BOwYRMpnpH","workflowName":"News Headline Fact-Checker","executionId":"1","nodeType":"n8n-nodes-base.manualTrigger","nodeName":"Manual Trigger","nodeId":"4e5444a5-45f6-4ede-8737-b45e48392139"}}
{"__type":"$$EventMessageConfirm","confirm":"88754bef-8872-43e6-8d95-07911f566ee1","ts":"2025-12-26T01:04:15.616-05:00","source":{"id":"0","name":"eventBus"}}
{"__type":"$$EventMessageNode","id":"99d382b3-a30f-41ad-8390-c3b05c038ca2","ts":"2025-12-26T01:04:15.624-05:00","eventName":"n8n.node.finished","message":"n8n.node.finished","payload":{"workflowId":"MjIy66BOwYRMpnpH","workflowName":"News Headline Fact-Checker","executionId":"1","nodeType":"n8n-nodes-base.manualTrigger","nodeName":"Manual Trigger","nodeId":"4e5444a5-45f6-4ede-8737-b45e48392139"}}
{"__type":"$$EventMessageConfirm","confirm":"99d382b3-a30f-41ad-8390-c3b05c038ca2","ts":"2025-12-26T01:04:15.625-05:00","source":{"id":"0","name":"eventBus"}}
{"__type":"$$EventMessageNode","id":"502c561a-c1c6-4455-ba37-7a4268de90e6","ts":"2025-12-26T01:04:15.627-05:00","eventName":"n8n.node.started","message":"n8n.node.started","payload":{"workflowId":"MjIy66BOwYRMpnpH","workflowName":"News Headline Fact-Checker","executionId":"1","nodeType":"n8n-nodes-base.set","nodeName":"Set Headline","nodeId":"64952667-64bf-43be-8258-0043fbca7c04"}}
{"__type":"$$EventMessageConfirm","confirm":"502c561a-c1c6-4455-ba37-7a4268de90e6","ts":"2025-12-26T01:04:15.627-05:00","source":{"id":"0","name":"eventBus"}}
{"__type":"$$EventMessageNode","id":"d8cadda3-c3f0-4257-be26-a5b0ce18fb3f","ts":"2025-12-26T01:04:15.634-05:00","eventName":"n8n.node.finished","message":"n8n.node.finished","payload":{"workflowId":"MjIy66BOwYRMpnpH","workflowName":"News Headline Fact-Checker","executionId":"1","nodeType":"n8n-nodes-base.set","nodeName":"Set Headline","nodeId":"64952667-64bf-43be-8258-0043fbca7c04"}}
{"__type":"$$EventMessageConfirm","confirm":"d8cadda3-c3f0-4257-be26-a5b0ce18fb3f","ts":"2025-12-26T01:04:15.634-05:00","source":{"id":"0","name":"eventBus"}}
{"__type":"$$EventMessageNode","id":"4a6782d4-91cb-41da-973a-d2fe5c860ec3","ts":"2025-12-26T01:04:15.636-05:00","eventName":"n8n.node.started","message":"n8n.node.started","payload":{"workflowId":"MjIy66BOwYRMpnpH","workflowName":"News Headline Fact-Checker","executionId":"1","nodeType":"n8n-nodes-base.httpRequest","nodeName":"SerpAPI Search","nodeId":"b3ea7213-49eb-4e9e-a2e4-6e246504dd54"}}
{"__type":"$$EventMessageConfirm","confirm":"4a6782d4-91cb-41da-973a-d2fe5c860ec3","ts":"2025-12-26T01:04:15.637-05:00","source":{"id":"0","name":"eventBus"}}
{"__type":"$$EventMessageNode","id":"b0d95a41-8935-4375-9174-f5315e6cba86","ts":"2025-12-26T01:04:16.450-05:00","eventName":"n8n.node.finished","message":"n8n.node.finished","payload":{"workflowId":"MjIy66BOwYRMpnpH","workflowName":"News Headline Fact-Checker","executionId":"1","nodeType":"n8n-nodes-base.httpRequest","nodeName":"SerpAPI Search","nodeId":"b3ea7213-49eb-4e9e-a2e4-6e246504dd54"}}
{"__type":"$$EventMessageConfirm","confirm":"b0d95a41-8935-4375-9174-f5315e6cba86","ts":"2025-12-26T01:04:16.452-05:00","source":{"id":"0","name":"eventBus"}}
{"__type":"$$EventMessageWorkflow","id":"56721bb7-5528-467d-bbbb-7201e069bac9","ts":"2025-12-26T01:04:16.490-05:00","eventName":"n8n.workflow.success","message":"n8n.workflow.success","payload":{"userId":"dbc383cd-b475-455f-9322-1e92a500ceb2","executionId":"1","success":true,"isManual":true,"workflowId":"MjIy66BOwYRMpnpH","workflowName":"News Headline Fact-Checker"}}
{"__type":"$$EventMessageConfirm","confirm":"56721bb7-5528-467d-bbbb-7201e069bac9","ts":"2025-12-26T01:04:16.491-05:00","source":{"id":"0","name":"eventBus"}}
{"__type":"$$EventMessageWorkflow","id":"15ad1ea3-2e4c-4d2f-b8d6-31bacc8be0d8","ts":"2025-12-26T01:04:27.400-05:00","eventName":"n8n.workflow.started","message":"n8n.workflow.started","payload":{"executionId":"2","workflowId":"MjIy66BOwYRMpnpH","isManual":false,"workflowName":"News Headline Fact-Checker"}}
{"__type":"$$EventMessageConfirm","confirm":"15ad1ea3-2e4c-4d2f-b8d6-31bacc8be0d8","ts":"2025-12-26T01:04:27.401-05:00","source":{"id":"0","name":"eventBus"}}
{"__type":"$$EventMessageNode","id":"16f6bbc4-c23e-4560-937a-554aa569c5c2","ts":"2025-12-26T01:04:27.405-05:00","eventName":"n8n.node.started","message":"n8n.node.started","payload":{"workflowId":"MjIy66BOwYRMpnpH","workflowName":"News Headline Fact-Checker","executionId":"2","nodeType":"n8n-nodes-base.code","nodeName":"Format Search Results","nodeId":"f4ae2f72-856d-4a04-8e15-6b011914de45"}}
{"__type":"$$EventMessageConfirm","confirm":"16f6bbc4-c23e-4560-937a-554aa569c5c2","ts":"2025-12-26T01:04:27.406-05:00","source":{"id":"0","name":"eventBus"}}
{"__type":"$$EventMessageRunner","id":"051be364-2f8a-49d6-8445-cca283b75244","ts":"2025-12-26T01:04:27.416-05:00","eventName":"n8n.runner.task.requested","message":"n8n.runner.task.requested","payload":{"taskId":"M_ldOkXc","nodeId":"f4ae2f72-856d-4a04-8e15-6b011914de45","workflowId":"MjIy66BOwYRMpnpH","executionId":"2"}}
{"__type":"$$EventMessageConfirm","confirm":"051be364-2f8a-49d6-8445-cca283b75244","ts":"2025-12-26T01:04:27.416-05:00","source":{"id":"0","name":"eventBus"}}
{"__type":"$$EventMessageRunner","id":"f4ecb8ba-ebb5-49c1-a321-c37743992887","ts":"2025-12-26T01:04:27.579-05:00","eventName":"n8n.runner.response.received","message":"n8n.runner.response.received","payload":{"taskId":"M_ldOkXc","nodeId":"f4ae2f72-856d-4a04-8e15-6b011914de45","workflowId":"MjIy66BOwYRMpnpH","executionId":"2"}}
{"__type":"$$EventMessageConfirm","confirm":"f4ecb8ba-ebb5-49c1-a321-c37743992887","ts":"2025-12-26T01:04:27.579-05:00","source":{"id":"0","name":"eventBus"}}
{"__type":"$$EventMessageNode","id":"faee7f44-4407-44bd-8264-c117f0ce7325","ts":"2025-12-26T01:04:27.581-05:00","eventName":"n8n.node.finished","message":"n8n.node.finished","payload":{"workflowId":"MjIy66BOwYRMpnpH","workflowName":"News Headline Fact-Checker","executionId":"2","nodeType":"n8n-nodes-base.code","nodeName":"Format Search Results","nodeId":"f4ae2f72-856d-4a04-8e15-6b011914de45"}}
{"__type":"$$EventMessageConfirm","confirm":"faee7f44-4407-44bd-8264-c117f0ce7325","ts":"2025-12-26T01:04:27.581-05:00","source":{"id":"0","name":"eventBus"}}
{"__type":"$$EventMessageWorkflow","id":"8ca344cb-1988-43d0-a675-f7edc7515e0c","ts":"2025-12-26T01:04:27.584-05:00","eventName":"n8n.workflow.success","message":"n8n.workflow.success","payload":{"userId":"dbc383cd-b475-455f-9322-1e92a500ceb2","executionId":"2","success":true,"isManual":true,"workflowId":"MjIy66BOwYRMpnpH","workflowName":"News Headline Fact-Checker"}}
{"__type":"$$EventMessageConfirm","confirm":"8ca344cb-1988-43d0-a675-f7edc7515e0c","ts":"2025-12-26T01:04:27.585-05:00","source":{"id":"0","name":"eventBus"}}
{"__type":"$$EventMessageWorkflow","id":"e1ff57a8-d6f6-4c5e-977a-f656554a75b7","ts":"2025-12-26T01:04:29.856-05:00","eventName":"n8n.workflow.started","message":"n8n.workflow.started","payload":{"executionId":"3","workflowId":"MjIy66BOwYRMpnpH","isManual":false,"workflowName":"News Headline Fact-Checker"}}
{"__type":"$$EventMessageConfirm","confirm":"e1ff57a8-d6f6-4c5e-977a-f656554a75b7","ts":"2025-12-26T01:04:29.857-05:00","source":{"id":"0","name":"eventBus"}}
{"__type":"$$EventMessageNode","id":"a2da3bfa-0edf-4b3f-b412-bd3e03faf234","ts":"2025-12-26T01:04:29.860-05:00","eventName":"n8n.node.started","message":"n8n.node.started","payload":{"workflowId":"MjIy66BOwYRMpnpH","workflowName":"News Headline Fact-Checker","executionId":"3","nodeType":"n8n-nodes-base.httpRequest","nodeName":"HTTP Request","nodeId":"59e4d6bb-f3ad-4d29-be96-b63233d8061f"}}
{"__type":"$$EventMessageConfirm","confirm":"a2da3bfa-0edf-4b3f-b412-bd3e03faf234","ts":"2025-12-26T01:04:29.860-05:00","source":{"id":"0","name":"eventBus"}}
{"__type":"$$EventMessageNode","id":"9e2e0b23-303c-4b6f-a409-a138fccec5f9","ts":"2025-12-26T01:04:32.225-05:00","eventName":"n8n.node.finished","message":"n8n.node.finished","payload":{"workflowId":"MjIy66BOwYRMpnpH","workflowName":"News Headline Fact-Checker","executionId":"3","nodeType":"n8n-nodes-base.httpRequest","nodeName":"HTTP Request","nodeId":"59e4d6bb-f3ad-4d29-be96-b63233d8061f"}}
{"__type":"$$EventMessageConfirm","confirm":"9e2e0b23-303c-4b6f-a409-a138fccec5f9","ts":"2025-12-26T01:04:32.226-05:00","source":{"id":"0","name":"eventBus"}}
{"__type":"$$EventMessageWorkflow","id":"d1e3f14d-ca5c-4f2d-b6bc-776d246e620c","ts":"2025-12-26T01:04:32.244-05:00","eventName":"n8n.workflow.failed","message":"n8n.workflow.failed","payload":{"userId":"dbc383cd-b475-455f-9322-1e92a500ceb2","executionId":"3","success":false,"isManual":true,"workflowId":"MjIy66BOwYRMpnpH","workflowName":"News Headline Fact-Checker","lastNodeExecuted":"HTTP Request","errorNodeType":"n8n-nodes-base.httpRequest","errorMessage":"Forbidden - perhaps check your credentials?"}}
{"__type":"$$EventMessageConfirm","confirm":"d1e3f14d-ca5c-4f2d-b6bc-776d246e620c","ts":"2025-12-26T01:04:32.244-05:00","source":{"id":"0","name":"eventBus"}}
{"__type":"$$EventMessageAudit","id":"80a6cf6b-333d-4df5-ae39-62ced8f6cdc0","ts":"2025-12-26T01:10:05.364-05:00","eventName":"n8n.audit.workflow.updated","message":"n8n.audit.workflow.updated","payload":{"userId":"dbc383cd-b475-455f-9322-1e92a500ceb2","_email":"hassanahmedawan128@gmail.com","_firstName":"Hassan","_lastName":"Ahmed","globalRole":"global:owner","workflowId":"MjIy66BOwYRMpnpH","workflowName":"News Headline Fact-Checker"}}
{"__type":"$$EventMessageConfirm","confirm":"80a6cf6b-333d-4df5-ae39-62ced8f6cdc0","ts":"2025-12-26T01:10:05.364-05:00","source":{"id":"0","name":"eventBus"}}
{"__type":"$$EventMessageWorkflow","id":"1c3d2a90-b479-49b7-bf2d-5919b0b03c63","ts":"2025-12-26T01:10:10.394-05:00","eventName":"n8n.workflow.started","message":"n8n.workflow.started","payload":{"executionId":"4","workflowId":"MjIy66BOwYRMpnpH","isManual":false,"workflowName":"News Headline Fact-Checker"}}
{"__type":"$$EventMessageConfirm","confirm":"1c3d2a90-b479-49b7-bf2d-5919b0b03c63","ts":"2025-12-26T01:10:10.394-05:00","source":{"id":"0","name":"eventBus"}}
{"__type":"$$EventMessageNode","id":"00be97ae-5dda-4150-8845-db88641d94a6","ts":"2025-12-26T01:10:10.412-05:00","eventName":"n8n.node.started","message":"n8n.node.started","payload":{"workflowId":"MjIy66BOwYRMpnpH","workflowName":"News Headline Fact-Checker","executionId":"4","nodeType":"n8n-nodes-base.httpRequest","nodeName":"HTTP Request","nodeId":"59e4d6bb-f3ad-4d29-be96-b63233d8061f"}}
{"__type":"$$EventMessageConfirm","confirm":"00be97ae-5dda-4150-8845-db88641d94a6","ts":"2025-12-26T01:10:10.412-05:00","source":{"id":"0","name":"eventBus"}}
{"__type":"$$EventMessageNode","id":"bc9c3362-4c0b-4c41-88fb-cee7e1280a3e","ts":"2025-12-26T01:10:18.361-05:00","eventName":"n8n.node.finished","message":"n8n.node.finished","payload":{"workflowId":"MjIy66BOwYRMpnpH","workflowName":"News Headline Fact-Checker","executionId":"4","nodeType":"n8n-nodes-base.httpRequest","nodeName":"HTTP Request","nodeId":"59e4d6bb-f3ad-4d29-be96-b63233d8061f"}}
{"__type":"$$EventMessageConfirm","confirm":"bc9c3362-4c0b-4c41-88fb-cee7e1280a3e","ts":"2025-12-26T01:10:18.362-05:00","source":{"id":"0","name":"eventBus"}}
{"__type":"$$EventMessageWorkflow","id":"d939d73c-89d1-4290-a96f-d88da3668db5","ts":"2025-12-26T01:10:18.379-05:00","eventName":"n8n.workflow.success","message":"n8n.workflow.success","payload":{"userId":"dbc383cd-b475-455f-9322-1e92a500ceb2","executionId":"4","success":true,"isManual":true,"workflowId":"MjIy66BOwYRMpnpH","workflowName":"News Headline Fact-Checker"}}
{"__type":"$$EventMessageConfirm","confirm":"d939d73c-89d1-4290-a96f-d88da3668db5","ts":"2025-12-26T01:10:18.379-05:00","source":{"id":"0","name":"eventBus"}}
{"__type":"$$EventMessageWorkflow","id":"7a4217dc-d2f2-419d-96e6-287ee454c9c1","ts":"2025-12-26T01:10:22.598-05:00","eventName":"n8n.workflow.started","message":"n8n.workflow.started","payload":{"executionId":"5","workflowId":"MjIy66BOwYRMpnpH","isManual":false,"workflowName":"News Headline Fact-Checker"}}
{"__type":"$$EventMessageConfirm","confirm":"7a4217dc-d2f2-419d-96e6-287ee454c9c1","ts":"2025-12-26T01:10:22.599-05:00","source":{"id":"0","name":"eventBus"}}
{"__type":"$$EventMessageNode","id":"7f3d4108-c7da-4661-b323-e8b31b0b7346","ts":"2025-12-26T01:10:22.610-05:00","eventName":"n8n.node.started","message":"n8n.node.started","payload":{"workflowId":"MjIy66BOwYRMpnpH","workflowName":"News Headline Fact-Checker","executionId":"5","nodeType":"n8n-nodes-base.code","nodeName":"Parse Fact Check Result","nodeId":"be663a2f-aafe-450f-8d64-fbbe50527db7"}}
{"__type":"$$EventMessageConfirm","confirm":"7f3d4108-c7da-4661-b323-e8b31b0b7346","ts":"2025-12-26T01:10:22.610-05:00","source":{"id":"0","name":"eventBus"}}
{"__type":"$$EventMessageRunner","id":"3c4732f7-bd46-4abf-b894-1f46767d8ef5","ts":"2025-12-26T01:10:22.616-05:00","eventName":"n8n.runner.task.requested","message":"n8n.runner.task.requested","payload":{"taskId":"0m8jtlWp","nodeId":"be663a2f-aafe-450f-8d64-fbbe50527db7","workflowId":"MjIy66BOwYRMpnpH","executionId":"5"}}
{"__type":"$$EventMessageConfirm","confirm":"3c4732f7-bd46-4abf-b894-1f46767d8ef5","ts":"2025-12-26T01:10:22.616-05:00","source":{"id":"0","name":"eventBus"}}
{"__type":"$$EventMessageRunner","id":"6ad17627-ad35-4133-af9c-0fb222690798","ts":"2025-12-26T01:10:22.659-05:00","eventName":"n8n.runner.response.received","message":"n8n.runner.response.received","payload":{"taskId":"0m8jtlWp","nodeId":"be663a2f-aafe-450f-8d64-fbbe50527db7","workflowId":"MjIy66BOwYRMpnpH","executionId":"5"}}
{"__type":"$$EventMessageConfirm","confirm":"6ad17627-ad35-4133-af9c-0fb222690798","ts":"2025-12-26T01:10:22.660-05:00","source":{"id":"0","name":"eventBus"}}
{"__type":"$$EventMessageNode","id":"d3262645-e863-4390-a0d3-f6ff6320d994","ts":"2025-12-26T01:10:22.660-05:00","eventName":"n8n.node.finished","message":"n8n.node.finished","payload":{"workflowId":"MjIy66BOwYRMpnpH","workflowName":"News Headline Fact-Checker","executionId":"5","nodeType":"n8n-nodes-base.code","nodeName":"Parse Fact Check Result","nodeId":"be663a2f-aafe-450f-8d64-fbbe50527db7"}}
{"__type":"$$EventMessageConfirm","confirm":"d3262645-e863-4390-a0d3-f6ff6320d994","ts":"2025-12-26T01:10:22.660-05:00","source":{"id":"0","name":"eventBus"}}
{"__type":"$$EventMessageWorkflow","id":"47dd6086-4efe-4893-95c6-047e9fdfa56c","ts":"2025-12-26T01:10:22.666-05:00","eventName":"n8n.workflow.success","message":"n8n.workflow.success","payload":{"userId":"dbc383cd-b475-455f-9322-1e92a500ceb2","executionId":"5","success":true,"isManual":true,"workflowId":"MjIy66BOwYRMpnpH","workflowName":"News Headline Fact-Checker"}}
{"__type":"$$EventMessageConfirm","confirm":"47dd6086-4efe-4893-95c6-047e9fdfa56c","ts":"2025-12-26T01:10:22.667-05:00","source":{"id":"0","name":"eventBus"}}
{"__type":"$$EventMessageWorkflow","id":"53c3310b-4095-4e63-914d-4840d60cfe7f","ts":"2025-12-26T01:10:25.378-05:00","eventName":"n8n.workflow.started","message":"n8n.workflow.started","payload":{"executionId":"6","workflowId":"MjIy66BOwYRMpnpH","isManual":false,"workflowName":"News Headline Fact-Checker"}}
{"__type":"$$EventMessageConfirm","confirm":"53c3310b-4095-4e63-914d-4840d60cfe7f","ts":"2025-12-26T01:10:25.378-05:00","source":{"id":"0","name":"eventBus"}}
{"__type":"$$EventMessageNode","id":"9874a6da-ef7f-40bb-9ad6-e6e1a28fe129","ts":"2025-12-26T01:10:25.385-05:00","eventName":"n8n.node.started","message":"n8n.node.started","payload":{"workflowId":"MjIy66BOwYRMpnpH","workflowName":"News Headline Fact-Checker","executionId":"6","nodeType":"n8n-nodes-base.postgres","nodeName":"Save to Database","nodeId":"aa00bd7d-a95f-48b9-b086-2d19f7e0d437"}}
{"__type":"$$EventMessageConfirm","confirm":"9874a6da-ef7f-40bb-9ad6-e6e1a28fe129","ts":"2025-12-26T01:10:25.385-05:00","source":{"id":"0","name":"eventBus"}}
{"__type":"$$EventMessageNode","id":"dd355e69-1b6a-49ff-875f-edaccfbda811","ts":"2025-12-26T01:10:25.603-05:00","eventName":"n8n.node.finished","message":"n8n.node.finished","payload":{"workflowId":"MjIy66BOwYRMpnpH","workflowName":"News Headline Fact-Checker","executionId":"6","nodeType":"n8n-nodes-base.postgres","nodeName":"Save to Database","nodeId":"aa00bd7d-a95f-48b9-b086-2d19f7e0d437"}}
{"__type":"$$EventMessageConfirm","confirm":"dd355e69-1b6a-49ff-875f-edaccfbda811","ts":"2025-12-26T01:10:25.603-05:00","source":{"id":"0","name":"eventBus"}}
{"__type":"$$EventMessageWorkflow","id":"d242e608-1167-4c5c-afda-f0008c7b962e","ts":"2025-12-26T01:10:25.617-05:00","eventName":"n8n.workflow.failed","message":"n8n.workflow.failed","payload":{"userId":"dbc383cd-b475-455f-9322-1e92a500ceb2","executionId":"6","success":false,"isManual":true,"workflowId":"MjIy66BOwYRMpnpH","workflowName":"News Headline Fact-Checker","lastNodeExecuted":"Save to Database","errorNodeType":"n8n-nodes-base.postgres","errorMessage":"Column 'confidence' does not exist in selected table"}}
{"__type":"$$EventMessageConfirm","confirm":"d242e608-1167-4c5c-afda-f0008c7b962e","ts":"2025-12-26T01:10:25.617-05:00","source":{"id":"0","name":"eventBus"}}
{"__type":"$$EventMessageWorkflow","id":"2d63cde9-057a-4346-8125-90728e25bc7a","ts":"2025-12-26T01:11:06.715-05:00","eventName":"n8n.workflow.started","message":"n8n.workflow.started","payload":{"executionId":"7","workflowId":"MjIy66BOwYRMpnpH","isManual":false,"workflowName":"News Headline Fact-Checker"}}
{"__type":"$$EventMessageConfirm","confirm":"2d63cde9-057a-4346-8125-90728e25bc7a","ts":"2025-12-26T01:11:06.716-05:00","source":{"id":"0","name":"eventBus"}}
{"__type":"$$EventMessageNode","id":"1af083a2-5c37-4cd6-8f6a-c1f5d5df95d7","ts":"2025-12-26T01:11:06.729-05:00","eventName":"n8n.node.started","message":"n8n.node.started","payload":{"workflowId":"MjIy66BOwYRMpnpH","workflowName":"News Headline Fact-Checker","executionId":"7","nodeType":"n8n-nodes-base.postgres","nodeName":"Save to Database","nodeId":"aa00bd7d-a95f-48b9-b086-2d19f7e0d437"}}
{"__type":"$$EventMessageConfirm","confirm":"1af083a2-5c37-4cd6-8f6a-c1f5d5df95d7","ts":"2025-12-26T01:11:06.730-05:00","source":{"id":"0","name":"eventBus"}}
{"__type":"$$EventMessageNode","id":"3e93a65d-3c04-4f24-867f-ecd99cb8a05a","ts":"2025-12-26T01:11:06.823-05:00","eventName":"n8n.node.finished","message":"n8n.node.finished","payload":{"workflowId":"MjIy66BOwYRMpnpH","workflowName":"News Headline Fact-Checker","executionId":"7","nodeType":"n8n-nodes-base.postgres","nodeName":"Save to Database","nodeId":"aa00bd7d-a95f-48b9-b086-2d19f7e0d437"}}
{"__type":"$$EventMessageConfirm","confirm":"3e93a65d-3c04-4f24-867f-ecd99cb8a05a","ts":"2025-12-26T01:11:06.823-05:00","source":{"id":"0","name":"eventBus"}}
{"__type":"$$EventMessageWorkflow","id":"f2f29d6f-7086-4bcb-a829-40dbeebcec77","ts":"2025-12-26T01:11:06.833-05:00","eventName":"n8n.workflow.failed","message":"n8n.workflow.failed","payload":{"userId":"dbc383cd-b475-455f-9322-1e92a500ceb2","executionId":"7","success":false,"isManual":true,"workflowId":"MjIy66BOwYRMpnpH","workflowName":"News Headline Fact-Checker","lastNodeExecuted":"Save to Database","errorNodeType":"n8n-nodes-base.postgres","errorMessage":"Column 'confidence' does not exist in selected table"}}
{"__type":"$$EventMessageConfirm","confirm":"f2f29d6f-7086-4bcb-a829-40dbeebcec77","ts":"2025-12-26T01:11:06.834-05:00","source":{"id":"0","name":"eventBus"}}
{"__type":"$$EventMessageWorkflow","id":"a73577d7-8012-42cb-a3b0-e9d126b5b420","ts":"2025-12-26T01:11:24.476-05:00","eventName":"n8n.workflow.started","message":"n8n.workflow.started","payload":{"executionId":"8","workflowId":"MjIy66BOwYRMpnpH","isManual":false,"workflowName":"News Headline Fact-Checker"}}
{"__type":"$$EventMessageConfirm","confirm":"a73577d7-8012-42cb-a3b0-e9d126b5b420","ts":"2025-12-26T01:11:24.476-05:00","source":{"id":"0","name":"eventBus"}}
{"__type":"$$EventMessageNode","id":"01ba0691-270f-4faa-9151-a1e9cbebf41c","ts":"2025-12-26T01:11:24.483-05:00","eventName":"n8n.node.started","message":"n8n.node.started","payload":{"workflowId":"MjIy66BOwYRMpnpH","workflowName":"News Headline Fact-Checker","executionId":"8","nodeType":"n8n-nodes-base.postgres","nodeName":"Save to Database","nodeId":"aa00bd7d-a95f-48b9-b086-2d19f7e0d437"}}
{"__type":"$$EventMessageConfirm","confirm":"01ba0691-270f-4faa-9151-a1e9cbebf41c","ts":"2025-12-26T01:11:24.483-05:00","source":{"id":"0","name":"eventBus"}}
{"__type":"$$EventMessageNode","id":"28a90084-0433-4b9c-a4e1-5d3843ad3a37","ts":"2025-12-26T01:11:24.539-05:00","eventName":"n8n.node.finished","message":"n8n.node.finished","payload":{"workflowId":"MjIy66BOwYRMpnpH","workflowName":"News Headline Fact-Checker","executionId":"8","nodeType":"n8n-nodes-base.postgres","nodeName":"Save to Database","nodeId":"aa00bd7d-a95f-48b9-b086-2d19f7e0d437"}}
{"__type":"$$EventMessageConfirm","confirm":"28a90084-0433-4b9c-a4e1-5d3843ad3a37","ts":"2025-12-26T01:11:24.539-05:00","source":{"id":"0","name":"eventBus"}}
{"__type":"$$EventMessageWorkflow","id":"95339696-11ce-405c-a69c-64afcdda27ce","ts":"2025-12-26T01:11:24.555-05:00","eventName":"n8n.workflow.failed","message":"n8n.workflow.failed","payload":{"userId":"dbc383cd-b475-455f-9322-1e92a500ceb2","executionId":"8","success":false,"isManual":true,"workflowId":"MjIy66BOwYRMpnpH","workflowName":"News Headline Fact-Checker","lastNodeExecuted":"Save to Database","errorNodeType":"n8n-nodes-base.postgres","errorMessage":"Column 'confidence' does not exist in selected table"}}
{"__type":"$$EventMessageConfirm","confirm":"95339696-11ce-405c-a69c-64afcdda27ce","ts":"2025-12-26T01:11:24.556-05:00","source":{"id":"0","name":"eventBus"}}
{"__type":"$$EventMessageWorkflow","id":"fe7ffe11-c1de-4a5d-a64a-ced876820e80","ts":"2025-12-26T01:12:23.703-05:00","eventName":"n8n.workflow.started","message":"n8n.workflow.started","payload":{"executionId":"9","workflowId":"MjIy66BOwYRMpnpH","isManual":false,"workflowName":"News Headline Fact-Checker"}}
{"__type":"$$EventMessageConfirm","confirm":"fe7ffe11-c1de-4a5d-a64a-ced876820e80","ts":"2025-12-26T01:12:23.703-05:00","source":{"id":"0","name":"eventBus"}}
{"__type":"$$EventMessageNode","id":"ea3922b2-6d82-4f20-acf2-3ceb21184c6f","ts":"2025-12-26T01:12:23.707-05:00","eventName":"n8n.node.started","message":"n8n.node.started","payload":{"workflowId":"MjIy66BOwYRMpnpH","workflowName":"News Headline Fact-Checker","executionId":"9","nodeType":"n8n-nodes-base.postgres","nodeName":"Save to Database","nodeId":"aa00bd7d-a95f-48b9-b086-2d19f7e0d437"}}
{"__type":"$$EventMessageConfirm","confirm":"ea3922b2-6d82-4f20-acf2-3ceb21184c6f","ts":"2025-12-26T01:12:23.707-05:00","source":{"id":"0","name":"eventBus"}}
{"__type":"$$EventMessageNode","id":"db5e60d6-7579-4260-a086-433b0be42200","ts":"2025-12-26T01:12:23.745-05:00","eventName":"n8n.node.finished","message":"n8n.node.finished","payload":{"workflowId":"MjIy66BOwYRMpnpH","workflowName":"News Headline Fact-Checker","executionId":"9","nodeType":"n8n-nodes-base.postgres","nodeName":"Save to Database","nodeId":"aa00bd7d-a95f-48b9-b086-2d19f7e0d437"}}
{"__type":"$$EventMessageConfirm","confirm":"db5e60d6-7579-4260-a086-433b0be42200","ts":"2025-12-26T01:12:23.745-05:00","source":{"id":"0","name":"eventBus"}}
{"__type":"$$EventMessageWorkflow","id":"f728b769-d70e-4c7a-8597-518f8dce2920","ts":"2025-12-26T01:12:23.750-05:00","eventName":"n8n.workflow.failed","message":"n8n.workflow.failed","payload":{"userId":"dbc383cd-b475-455f-9322-1e92a500ceb2","executionId":"9","success":false,"isManual":true,"workflowId":"MjIy66BOwYRMpnpH","workflowName":"News Headline Fact-Checker","lastNodeExecuted":"Save to Database","errorNodeType":"n8n-nodes-base.postgres","errorMessage":"Column 'sources_checked' does not exist in selected table"}}
{"__type":"$$EventMessageConfirm","confirm":"f728b769-d70e-4c7a-8597-518f8dce2920","ts":"2025-12-26T01:12:23.750-05:00","source":{"id":"0","name":"eventBus"}}
{"__type":"$$EventMessageWorkflow","id":"5bd760bb-c522-401c-b716-5fc8f91248a6","ts":"2025-12-26T01:13:08.782-05:00","eventName":"n8n.workflow.started","message":"n8n.workflow.started","payload":{"executionId":"10","workflowId":"MjIy66BOwYRMpnpH","isManual":false,"workflowName":"News Headline Fact-Checker"}}
{"__type":"$$EventMessageConfirm","confirm":"5bd760bb-c522-401c-b716-5fc8f91248a6","ts":"2025-12-26T01:13:08.782-05:00","source":{"id":"0","name":"eventBus"}}
{"__type":"$$EventMessageNode","id":"067b5278-552f-4c36-b9b9-c655560f4a84","ts":"2025-12-26T01:13:08.784-05:00","eventName":"n8n.node.started","message":"n8n.node.started","payload":{"workflowId":"MjIy66BOwYRMpnpH","workflowName":"News Headline Fact-Checker","executionId":"10","nodeType":"n8n-nodes-base.manualTrigger","nodeName":"Manual Trigger","nodeId":"4e5444a5-45f6-4ede-8737-b45e48392139"}}
{"__type":"$$EventMessageConfirm","confirm":"067b5278-552f-4c36-b9b9-c655560f4a84","ts":"2025-12-26T01:13:08.785-05:00","source":{"id":"0","name":"eventBus"}}
{"__type":"$$EventMessageNode","id":"c765b90c-9097-4779-9b52-4dcbdf231e78","ts":"2025-12-26T01:13:08.786-05:00","eventName":"n8n.node.finished","message":"n8n.node.finished","payload":{"workflowId":"MjIy66BOwYRMpnpH","workflowName":"News Headline Fact-Checker","executionId":"10","nodeType":"n8n-nodes-base.manualTrigger","nodeName":"Manual Trigger","nodeId":"4e5444a5-45f6-4ede-8737-b45e48392139"}}
{"__type":"$$EventMessageConfirm","confirm":"c765b90c-9097-4779-9b52-4dcbdf231e78","ts":"2025-12-26T01:13:08.787-05:00","source":{"id":"0","name":"eventBus"}}
{"__type":"$$EventMessageNode","id":"84fa653d-3750-4ef3-b7df-9f2fd3f4a139","ts":"2025-12-26T01:13:08.788-05:00","eventName":"n8n.node.started","message":"n8n.node.started","payload":{"workflowId":"MjIy66BOwYRMpnpH","workflowName":"News Headline Fact-Checker","executionId":"10","nodeType":"n8n-nodes-base.set","nodeName":"Set Headline","nodeId":"64952667-64bf-43be-8258-0043fbca7c04"}}
{"__type":"$$EventMessageConfirm","confirm":"84fa653d-3750-4ef3-b7df-9f2fd3f4a139","ts":"2025-12-26T01:13:08.788-05:00","source":{"id":"0","name":"eventBus"}}
{"__type":"$$EventMessageNode","id":"f805a2e0-6142-498f-bfb2-1d9e169315e3","ts":"2025-12-26T01:13:08.791-05:00","eventName":"n8n.node.finished","message":"n8n.node.finished","payload":{"workflowId":"MjIy66BOwYRMpnpH","workflowName":"News Headline Fact-Checker","executionId":"10","nodeType":"n8n-nodes-base.set","nodeName":"Set Headline","nodeId":"64952667-64bf-43be-8258-0043fbca7c04"}}
{"__type":"$$EventMessageConfirm","confirm":"f805a2e0-6142-498f-bfb2-1d9e169315e3","ts":"2025-12-26T01:13:08.791-05:00","source":{"id":"0","name":"eventBus"}}
{"__type":"$$EventMessageNode","id":"9cedbdd2-d182-4506-a504-aebcdaa37eca","ts":"2025-12-26T01:13:08.792-05:00","eventName":"n8n.node.started","message":"n8n.node.started","payload":{"workflowId":"MjIy66BOwYRMpnpH","workflowName":"News Headline Fact-Checker","executionId":"10","nodeType":"n8n-nodes-base.httpRequest","nodeName":"SerpAPI Search","nodeId":"b3ea7213-49eb-4e9e-a2e4-6e246504dd54"}}
{"__type":"$$EventMessageConfirm","confirm":"9cedbdd2-d182-4506-a504-aebcdaa37eca","ts":"2025-12-26T01:13:08.792-05:00","source":{"id":"0","name":"eventBus"}}
{"__type":"$$EventMessageNode","id":"262761e5-2161-4182-904a-c72187b2fc23","ts":"2025-12-26T01:13:09.160-05:00","eventName":"n8n.node.finished","message":"n8n.node.finished","payload":{"workflowId":"MjIy66BOwYRMpnpH","workflowName":"News Headline Fact-Checker","executionId":"10","nodeType":"n8n-nodes-base.httpRequest","nodeName":"SerpAPI Search","nodeId":"b3ea7213-49eb-4e9e-a2e4-6e246504dd54"}}
{"__type":"$$EventMessageConfirm","confirm":"262761e5-2161-4182-904a-c72187b2fc23","ts":"2025-12-26T01:13:09.161-05:00","source":{"id":"0","name":"eventBus"}}
{"__type":"$$EventMessageNode","id":"eb8586db-1da0-48bc-baa8-1dea7c67327b","ts":"2025-12-26T01:13:09.166-05:00","eventName":"n8n.node.started","message":"n8n.node.started","payload":{"workflowId":"MjIy66BOwYRMpnpH","workflowName":"News Headline Fact-Checker","executionId":"10","nodeType":"n8n-nodes-base.code","nodeName":"Format Search Results","nodeId":"f4ae2f72-856d-4a04-8e15-6b011914de45"}}
{"__type":"$$EventMessageConfirm","confirm":"eb8586db-1da0-48bc-baa8-1dea7c67327b","ts":"2025-12-26T01:13:09.167-05:00","source":{"id":"0","name":"eventBus"}}
{"__type":"$$EventMessageRunner","id":"dc529b71-f41b-4021-aed1-7d2d62a6152c","ts":"2025-12-26T01:13:09.173-05:00","eventName":"n8n.runner.task.requested","message":"n8n.runner.task.requested","payload":{"taskId":"RoVx0tdu","nodeId":"f4ae2f72-856d-4a04-8e15-6b011914de45","workflowId":"MjIy66BOwYRMpnpH","executionId":"10"}}
{"__type":"$$EventMessageConfirm","confirm":"dc529b71-f41b-4021-aed1-7d2d62a6152c","ts":"2025-12-26T01:13:09.174-05:00","source":{"id":"0","name":"eventBus"}}
{"__type":"$$EventMessageRunner","id":"b71a57a5-e9da-4603-ba23-0cd659a7bd5d","ts":"2025-12-26T01:13:09.217-05:00","eventName":"n8n.runner.response.received","message":"n8n.runner.response.received","payload":{"taskId":"RoVx0tdu","nodeId":"f4ae2f72-856d-4a04-8e15-6b011914de45","workflowId":"MjIy66BOwYRMpnpH","executionId":"10"}}
{"__type":"$$EventMessageConfirm","confirm":"b71a57a5-e9da-4603-ba23-0cd659a7bd5d","ts":"2025-12-26T01:13:09.217-05:00","source":{"id":"0","name":"eventBus"}}
{"__type":"$$EventMessageNode","id":"edd692b0-f087-420f-8bf4-3577529039bc","ts":"2025-12-26T01:13:09.219-05:00","eventName":"n8n.node.finished","message":"n8n.node.finished","payload":{"workflowId":"MjIy66BOwYRMpnpH","workflowName":"News Headline Fact-Checker","executionId":"10","nodeType":"n8n-nodes-base.code","nodeName":"Format Search Results","nodeId":"f4ae2f72-856d-4a04-8e15-6b011914de45"}}
{"__type":"$$EventMessageConfirm","confirm":"edd692b0-f087-420f-8bf4-3577529039bc","ts":"2025-12-26T01:13:09.219-05:00","source":{"id":"0","name":"eventBus"}}
{"__type":"$$EventMessageNode","id":"db1d14d6-71e1-4056-8662-d13cf1c0c7f4","ts":"2025-12-26T01:13:09.221-05:00","eventName":"n8n.node.started","message":"n8n.node.started","payload":{"workflowId":"MjIy66BOwYRMpnpH","workflowName":"News Headline Fact-Checker","executionId":"10","nodeType":"n8n-nodes-base.httpRequest","nodeName":"HTTP Request","nodeId":"59e4d6bb-f3ad-4d29-be96-b63233d8061f"}}
{"__type":"$$EventMessageConfirm","confirm":"db1d14d6-71e1-4056-8662-d13cf1c0c7f4","ts":"2025-12-26T01:13:09.222-05:00","source":{"id":"0","name":"eventBus"}}
{"__type":"$$EventMessageNode","id":"9de1a7e4-f07e-480f-8f70-f203eebc81df","ts":"2025-12-26T01:13:17.091-05:00","eventName":"n8n.node.finished","message":"n8n.node.finished","payload":{"workflowId":"MjIy66BOwYRMpnpH","workflowName":"News Headline Fact-Checker","executionId":"10","nodeType":"n8n-nodes-base.httpRequest","nodeName":"HTTP Request","nodeId":"59e4d6bb-f3ad-4d29-be96-b63233d8061f"}}
{"__type":"$$EventMessageConfirm","confirm":"9de1a7e4-f07e-480f-8f70-f203eebc81df","ts":"2025-12-26T01:13:17.091-05:00","source":{"id":"0","name":"eventBus"}}
{"__type":"$$EventMessageNode","id":"f2d4ae5f-8839-4d1f-9637-fd0f3b52f6b7","ts":"2025-12-26T01:13:17.093-05:00","eventName":"n8n.node.started","message":"n8n.node.started","payload":{"workflowId":"MjIy66BOwYRMpnpH","workflowName":"News Headline Fact-Checker","executionId":"10","nodeType":"n8n-nodes-base.code","nodeName":"Parse Fact Check Result","nodeId":"be663a2f-aafe-450f-8d64-fbbe50527db7"}}
{"__type":"$$EventMessageConfirm","confirm":"f2d4ae5f-8839-4d1f-9637-fd0f3b52f6b7","ts":"2025-12-26T01:13:17.093-05:00","source":{"id":"0","name":"eventBus"}}
{"__type":"$$EventMessageRunner","id":"5a919bc8-6ec2-4ac3-ba58-56c8817ebc75","ts":"2025-12-26T01:13:17.099-05:00","eventName":"n8n.runner.task.requested","message":"n8n.runner.task.requested","payload":{"taskId":"Gwig-JqX","nodeId":"be663a2f-aafe-450f-8d64-fbbe50527db7","workflowId":"MjIy66BOwYRMpnpH","executionId":"10"}}
{"__type":"$$EventMessageConfirm","confirm":"5a919bc8-6ec2-4ac3-ba58-56c8817ebc75","ts":"2025-12-26T01:13:17.099-05:00","source":{"id":"0","name":"eventBus"}}
{"__type":"$$EventMessageRunner","id":"5070d182-ef4f-412c-9b12-7cb49a57a1c4","ts":"2025-12-26T01:13:17.127-05:00","eventName":"n8n.runner.response.received","message":"n8n.runner.response.received","payload":{"taskId":"Gwig-JqX","nodeId":"be663a2f-aafe-450f-8d64-fbbe50527db7","workflowId":"MjIy66BOwYRMpnpH","executionId":"10"}}
{"__type":"$$EventMessageConfirm","confirm":"5070d182-ef4f-412c-9b12-7cb49a57a1c4","ts":"2025-12-26T01:13:17.127-05:00","source":{"id":"0","name":"eventBus"}}
{"__type":"$$EventMessageNode","id":"8ee3d69b-c03c-4a08-9c88-aa09c57feedc","ts":"2025-12-26T01:13:17.129-05:00","eventName":"n8n.node.finished","message":"n8n.node.finished","payload":{"workflowId":"MjIy66BOwYRMpnpH","workflowName":"News Headline Fact-Checker","executionId":"10","nodeType":"n8n-nodes-base.code","nodeName":"Parse Fact Check Result","nodeId":"be663a2f-aafe-450f-8d64-fbbe50527db7"}}
{"__type":"$$EventMessageConfirm","confirm":"8ee3d69b-c03c-4a08-9c88-aa09c57feedc","ts":"2025-12-26T01:13:17.130-05:00","source":{"id":"0","name":"eventBus"}}
{"__type":"$$EventMessageNode","id":"eb5dfdc2-a54e-4ac4-be95-272b1a0cbc44","ts":"2025-12-26T01:13:17.132-05:00","eventName":"n8n.node.started","message":"n8n.node.started","payload":{"workflowId":"MjIy66BOwYRMpnpH","workflowName":"News Headline Fact-Checker","executionId":"10","nodeType":"n8n-nodes-base.postgres","nodeName":"Save to Database","nodeId":"aa00bd7d-a95f-48b9-b086-2d19f7e0d437"}}
{"__type":"$$EventMessageConfirm","confirm":"eb5dfdc2-a54e-4ac4-be95-272b1a0cbc44","ts":"2025-12-26T01:13:17.133-05:00","source":{"id":"0","name":"eventBus"}}
{"__type":"$$EventMessageNode","id":"05ba42bb-9e8d-41fa-b628-fa653d63cf86","ts":"2025-12-26T01:13:17.219-05:00","eventName":"n8n.node.finished","message":"n8n.node.finished","payload":{"workflowId":"MjIy66BOwYRMpnpH","workflowName":"News Headline Fact-Checker","executionId":"10","nodeType":"n8n-nodes-base.postgres","nodeName":"Save to Database","nodeId":"aa00bd7d-a95f-48b9-b086-2d19f7e0d437"}}
{"__type":"$$EventMessageConfirm","confirm":"05ba42bb-9e8d-41fa-b628-fa653d63cf86","ts":"2025-12-26T01:13:17.219-05:00","source":{"id":"0","name":"eventBus"}}
{"__type":"$$EventMessageWorkflow","id":"3725b8cb-7bf7-453c-b544-21e9405d742c","ts":"2025-12-26T01:13:17.228-05:00","eventName":"n8n.workflow.failed","message":"n8n.workflow.failed","payload":{"userId":"dbc383cd-b475-455f-9322-1e92a500ceb2","executionId":"10","success":false,"isManual":true,"workflowId":"MjIy66BOwYRMpnpH","workflowName":"News Headline Fact-Checker","lastNodeExecuted":"Save to Database","errorNodeType":"n8n-nodes-base.postgres","errorMessage":"Column 'sources_checked' does not exist in selected table"}}
{"__type":"$$EventMessageConfirm","confirm":"3725b8cb-7bf7-453c-b544-21e9405d742c","ts":"2025-12-26T01:13:17.228-05:00","source":{"id":"0","name":"eventBus"}}
{"__type":"$$EventMessageWorkflow","id":"9e630d98-38ea-450a-97bb-bf07d30484c7","ts":"2025-12-26T01:14:22.751-05:00","eventName":"n8n.workflow.started","message":"n8n.workflow.started","payload":{"executionId":"11","workflowId":"MjIy66BOwYRMpnpH","isManual":false,"workflowName":"News Headline Fact-Checker"}}
{"__type":"$$EventMessageConfirm","confirm":"9e630d98-38ea-450a-97bb-bf07d30484c7","ts":"2025-12-26T01:14:22.751-05:00","source":{"id":"0","name":"eventBus"}}
{"__type":"$$EventMessageNode","id":"57ea7a08-ad60-4c48-856e-d7581e9158ee","ts":"2025-12-26T01:14:22.756-05:00","eventName":"n8n.node.started","message":"n8n.node.started","payload":{"workflowId":"MjIy66BOwYRMpnpH","workflowName":"News Headline Fact-Checker","executionId":"11","nodeType":"n8n-nodes-base.postgres","nodeName":"Save to Database","nodeId":"aa00bd7d-a95f-48b9-b086-2d19f7e0d437"}}
{"__type":"$$EventMessageConfirm","confirm":"57ea7a08-ad60-4c48-856e-d7581e9158ee","ts":"2025-12-26T01:14:22.756-05:00","source":{"id":"0","name":"eventBus"}}
{"__type":"$$EventMessageNode","id":"d3f31977-81ed-46ac-8147-f90c39237847","ts":"2025-12-26T01:14:22.802-05:00","eventName":"n8n.node.finished","message":"n8n.node.finished","payload":{"workflowId":"MjIy66BOwYRMpnpH","workflowName":"News Headline Fact-Checker","executionId":"11","nodeType":"n8n-nodes-base.postgres","nodeName":"Save to Database","nodeId":"aa00bd7d-a95f-48b9-b086-2d19f7e0d437"}}
{"__type":"$$EventMessageConfirm","confirm":"d3f31977-81ed-46ac-8147-f90c39237847","ts":"2025-12-26T01:14:22.802-05:00","source":{"id":"0","name":"eventBus"}}
{"__type":"$$EventMessageWorkflow","id":"78ff19ae-704f-48af-88dc-6032f0dcd101","ts":"2025-12-26T01:14:22.807-05:00","eventName":"n8n.workflow.failed","message":"n8n.workflow.failed","payload":{"userId":"dbc383cd-b475-455f-9322-1e92a500ceb2","executionId":"11","success":false,"isManual":true,"workflowId":"MjIy66BOwYRMpnpH","workflowName":"News Headline Fact-Checker","lastNodeExecuted":"Save to Database","errorNodeType":"n8n-nodes-base.postgres","errorMessage":"Column 'missing_context' does not exist in selected table"}}
{"__type":"$$EventMessageConfirm","confirm":"78ff19ae-704f-48af-88dc-6032f0dcd101","ts":"2025-12-26T01:14:22.807-05:00","source":{"id":"0","name":"eventBus"}}
{"__type":"$$EventMessageWorkflow","id":"f45b3ce4-c05e-4a5e-bb6f-2deb3a22d408","ts":"2025-12-26T01:15:16.818-05:00","eventName":"n8n.workflow.started","message":"n8n.workflow.started","payload":{"executionId":"12","workflowId":"MjIy66BOwYRMpnpH","isManual":false,"workflowName":"News Headline Fact-Checker"}}
{"__type":"$$EventMessageConfirm","confirm":"f45b3ce4-c05e-4a5e-bb6f-2deb3a22d408","ts":"2025-12-26T01:15:16.818-05:00","source":{"id":"0","name":"eventBus"}}
{"__type":"$$EventMessageNode","id":"e5567543-0350-4f43-8549-825898c7e359","ts":"2025-12-26T01:15:16.831-05:00","eventName":"n8n.node.started","message":"n8n.node.started","payload":{"workflowId":"MjIy66BOwYRMpnpH","workflowName":"News Headline Fact-Checker","executionId":"12","nodeType":"n8n-nodes-base.postgres","nodeName":"Save to Database","nodeId":"aa00bd7d-a95f-48b9-b086-2d19f7e0d437"}}
{"__type":"$$EventMessageConfirm","confirm":"e5567543-0350-4f43-8549-825898c7e359","ts":"2025-12-26T01:15:16.832-05:00","source":{"id":"0","name":"eventBus"}}
{"__type":"$$EventMessageNode","id":"d1e9cdfc-67b3-4b7a-8585-e69065cc4976","ts":"2025-12-26T01:15:16.932-05:00","eventName":"n8n.node.finished","message":"n8n.node.finished","payload":{"workflowId":"MjIy66BOwYRMpnpH","workflowName":"News Headline Fact-Checker","executionId":"12","nodeType":"n8n-nodes-base.postgres","nodeName":"Save to Database","nodeId":"aa00bd7d-a95f-48b9-b086-2d19f7e0d437"}}
{"__type":"$$EventMessageConfirm","confirm":"d1e9cdfc-67b3-4b7a-8585-e69065cc4976","ts":"2025-12-26T01:15:16.933-05:00","source":{"id":"0","name":"eventBus"}}
{"__type":"$$EventMessageWorkflow","id":"7d7c4048-6e90-4267-bfe6-de530af3789e","ts":"2025-12-26T01:15:16.939-05:00","eventName":"n8n.workflow.failed","message":"n8n.workflow.failed","payload":{"userId":"dbc383cd-b475-455f-9322-1e92a500ceb2","executionId":"12","success":false,"isManual":true,"workflowId":"MjIy66BOwYRMpnpH","workflowName":"News Headline Fact-Checker","lastNodeExecuted":"Save to Database","errorNodeType":"n8n-nodes-base.postgres","errorMessage":"Column 'recommendation' does not exist in selected table"}}
{"__type":"$$EventMessageConfirm","confirm":"7d7c4048-6e90-4267-bfe6-de530af3789e","ts":"2025-12-26T01:15:16.940-05:00","source":{"id":"0","name":"eventBus"}}
{"__type":"$$EventMessageWorkflow","id":"b381d3ab-aab0-46a0-bf64-a8db1246d011","ts":"2025-12-26T01:16:11.093-05:00","eventName":"n8n.workflow.started","message":"n8n.workflow.started","payload":{"executionId":"13","workflowId":"MjIy66BOwYRMpnpH","isManual":false,"workflowName":"News Headline Fact-Checker"}}
{"__type":"$$EventMessageConfirm","confirm":"b381d3ab-aab0-46a0-bf64-a8db1246d011","ts":"2025-12-26T01:16:11.093-05:00","source":{"id":"0","name":"eventBus"}}
{"__type":"$$EventMessageNode","id":"0d0de1c7-c1f7-4db6-a6f3-1af969ad12bc","ts":"2025-12-26T01:16:11.103-05:00","eventName":"n8n.node.started","message":"n8n.node.started","payload":{"workflowId":"MjIy66BOwYRMpnpH","workflowName":"News Headline Fact-Checker","executionId":"13","nodeType":"n8n-nodes-base.postgres","nodeName":"Save to Database","nodeId":"aa00bd7d-a95f-48b9-b086-2d19f7e0d437"}}
{"__type":"$$EventMessageConfirm","confirm":"0d0de1c7-c1f7-4db6-a6f3-1af969ad12bc","ts":"2025-12-26T01:16:11.104-05:00","source":{"id":"0","name":"eventBus"}}
{"__type":"$$EventMessageNode","id":"09426a46-3b00-427e-9951-6ab8dbedeb1a","ts":"2025-12-26T01:16:11.206-05:00","eventName":"n8n.node.finished","message":"n8n.node.finished","payload":{"workflowId":"MjIy66BOwYRMpnpH","workflowName":"News Headline Fact-Checker","executionId":"13","nodeType":"n8n-nodes-base.postgres","nodeName":"Save to Database","nodeId":"aa00bd7d-a95f-48b9-b086-2d19f7e0d437"}}
{"__type":"$$EventMessageConfirm","confirm":"09426a46-3b00-427e-9951-6ab8dbedeb1a","ts":"2025-12-26T01:16:11.206-05:00","source":{"id":"0","name":"eventBus"}}
{"__type":"$$EventMessageWorkflow","id":"b61f028d-cc5f-45fe-89d0-feb553327cf6","ts":"2025-12-26T01:16:11.216-05:00","eventName":"n8n.workflow.failed","message":"n8n.workflow.failed","payload":{"userId":"dbc383cd-b475-455f-9322-1e92a500ceb2","executionId":"13","success":false,"isManual":true,"workflowId":"MjIy66BOwYRMpnpH","workflowName":"News Headline Fact-Checker","lastNodeExecuted":"Save to Database","errorNodeType":"n8n-nodes-base.postgres","errorMessage":"null value in column \"headline\" of relation \"fact_checks\" violates not-null constraint"}}
{"__type":"$$EventMessageConfirm","confirm":"b61f028d-cc5f-45fe-89d0-feb553327cf6","ts":"2025-12-26T01:16:11.217-05:00","source":{"id":"0","name":"eventBus"}}
{"__type":"$$EventMessageAudit","id":"9b702e1e-4ff8-4346-be72-9d12da4d7939","ts":"2025-12-26T01:24:33.054-05:00","eventName":"n8n.audit.workflow.updated","message":"n8n.audit.workflow.updated","payload":{"userId":"dbc383cd-b475-455f-9322-1e92a500ceb2","_email":"hassanahmedawan128@gmail.com","_firstName":"Hassan","_lastName":"Ahmed","globalRole":"global:owner","workflowId":"MjIy66BOwYRMpnpH","workflowName":"News Headline Fact-Checker"}}
{"__type":"$$EventMessageConfirm","confirm":"9b702e1e-4ff8-4346-be72-9d12da4d7939","ts":"2025-12-26T01:24:33.054-05:00","source":{"id":"0","name":"eventBus"}}
{"__type":"$$EventMessageWorkflow","id":"9c417f82-8e7e-4db7-b3e6-1796253d260a","ts":"2025-12-26T01:24:36.463-05:00","eventName":"n8n.workflow.started","message":"n8n.workflow.started","payload":{"executionId":"14","workflowId":"MjIy66BOwYRMpnpH","isManual":false,"workflowName":"News Headline Fact-Checker"}}
{"__type":"$$EventMessageConfirm","confirm":"9c417f82-8e7e-4db7-b3e6-1796253d260a","ts":"2025-12-26T01:24:36.463-05:00","source":{"id":"0","name":"eventBus"}}
{"__type":"$$EventMessageNode","id":"75469f38-33b6-4163-bee6-0611ef597bd4","ts":"2025-12-26T01:24:36.472-05:00","eventName":"n8n.node.started","message":"n8n.node.started","payload":{"workflowId":"MjIy66BOwYRMpnpH","workflowName":"News Headline Fact-Checker","executionId":"14","nodeType":"n8n-nodes-base.postgres","nodeName":"Save to Database","nodeId":"aa00bd7d-a95f-48b9-b086-2d19f7e0d437"}}
{"__type":"$$EventMessageConfirm","confirm":"75469f38-33b6-4163-bee6-0611ef597bd4","ts":"2025-12-26T01:24:36.472-05:00","source":{"id":"0","name":"eventBus"}}
{"__type":"$$EventMessageNode","id":"0f984b3a-58db-4df4-85cc-85007e210f2a","ts":"2025-12-26T01:24:36.581-05:00","eventName":"n8n.node.finished","message":"n8n.node.finished","payload":{"workflowId":"MjIy66BOwYRMpnpH","workflowName":"News Headline Fact-Checker","executionId":"14","nodeType":"n8n-nodes-base.postgres","nodeName":"Save to Database","nodeId":"aa00bd7d-a95f-48b9-b086-2d19f7e0d437"}}
{"__type":"$$EventMessageConfirm","confirm":"0f984b3a-58db-4df4-85cc-85007e210f2a","ts":"2025-12-26T01:24:36.582-05:00","source":{"id":"0","name":"eventBus"}}
{"__type":"$$EventMessageWorkflow","id":"a417e244-3948-4238-90fa-0d9d99fc5210","ts":"2025-12-26T01:24:36.588-05:00","eventName":"n8n.workflow.success","message":"n8n.workflow.success","payload":{"userId":"dbc383cd-b475-455f-9322-1e92a500ceb2","executionId":"14","success":true,"isManual":true,"workflowId":"MjIy66BOwYRMpnpH","workflowName":"News Headline Fact-Checker"}}
{"__type":"$$EventMessageConfirm","confirm":"a417e244-3948-4238-90fa-0d9d99fc5210","ts":"2025-12-26T01:24:36.588-05:00","source":{"id":"0","name":"eventBus"}}
{"__type":"$$EventMessageWorkflow","id":"07c65dd6-3740-4413-9007-8dae4e368acb","ts":"2025-12-26T01:24:44.110-05:00","eventName":"n8n.workflow.started","message":"n8n.workflow.started","payload":{"executionId":"15","workflowId":"MjIy66BOwYRMpnpH","isManual":false,"workflowName":"News Headline Fact-Checker"}}
{"__type":"$$EventMessageConfirm","confirm":"07c65dd6-3740-4413-9007-8dae4e368acb","ts":"2025-12-26T01:24:44.110-05:00","source":{"id":"0","name":"eventBus"}}
{"__type":"$$EventMessageNode","id":"e7c1bc9b-6187-4229-9769-90413575fbd6","ts":"2025-12-26T01:24:44.115-05:00","eventName":"n8n.node.started","message":"n8n.node.started","payload":{"workflowId":"MjIy66BOwYRMpnpH","workflowName":"News Headline Fact-Checker","executionId":"15","nodeType":"n8n-nodes-base.set","nodeName":"Format Final Output","nodeId":"b8007323-7adb-47fb-827e-3a430d814ae3"}}
{"__type":"$$EventMessageConfirm","confirm":"e7c1bc9b-6187-4229-9769-90413575fbd6","ts":"2025-12-26T01:24:44.115-05:00","source":{"id":"0","name":"eventBus"}}
{"__type":"$$EventMessageNode","id":"23bb4285-746c-4822-af73-8560a5ff24a9","ts":"2025-12-26T01:24:44.116-05:00","eventName":"n8n.node.finished","message":"n8n.node.finished","payload":{"workflowId":"MjIy66BOwYRMpnpH","workflowName":"News Headline Fact-Checker","executionId":"15","nodeType":"n8n-nodes-base.set","nodeName":"Format Final Output","nodeId":"b8007323-7adb-47fb-827e-3a430d814ae3"}}
{"__type":"$$EventMessageConfirm","confirm":"23bb4285-746c-4822-af73-8560a5ff24a9","ts":"2025-12-26T01:24:44.116-05:00","source":{"id":"0","name":"eventBus"}}
{"__type":"$$EventMessageWorkflow","id":"94d80060-0fcb-4d55-8926-206e5cc7a9e6","ts":"2025-12-26T01:24:44.119-05:00","eventName":"n8n.workflow.success","message":"n8n.workflow.success","payload":{"userId":"dbc383cd-b475-455f-9322-1e92a500ceb2","executionId":"15","success":true,"isManual":true,"workflowId":"MjIy66BOwYRMpnpH","workflowName":"News Headline Fact-Checker"}}
{"__type":"$$EventMessageConfirm","confirm":"94d80060-0fcb-4d55-8926-206e5cc7a9e6","ts":"2025-12-26T01:24:44.120-05:00","source":{"id":"0","name":"eventBus"}}
{"__type":"$$EventMessageWorkflow","id":"18134565-8da8-47dd-b5e1-865b2d152d77","ts":"2025-12-26T01:27:53.572-05:00","eventName":"n8n.workflow.started","message":"n8n.workflow.started","payload":{"executionId":"16","workflowId":"MjIy66BOwYRMpnpH","isManual":false,"workflowName":"News Headline Fact-Checker"}}
{"__type":"$$EventMessageConfirm","confirm":"18134565-8da8-47dd-b5e1-865b2d152d77","ts":"2025-12-26T01:27:53.573-05:00","source":{"id":"0","name":"eventBus"}}
{"__type":"$$EventMessageNode","id":"58c60ea4-961f-4ed4-af90-6dccd6dbfa6d","ts":"2025-12-26T01:27:53.575-05:00","eventName":"n8n.node.started","message":"n8n.node.started","payload":{"workflowId":"MjIy66BOwYRMpnpH","workflowName":"News Headline Fact-Checker","executionId":"16","nodeType":"n8n-nodes-base.manualTrigger","nodeName":"Manual Trigger","nodeId":"4e5444a5-45f6-4ede-8737-b45e48392139"}}
{"__type":"$$EventMessageConfirm","confirm":"58c60ea4-961f-4ed4-af90-6dccd6dbfa6d","ts":"2025-12-26T01:27:53.575-05:00","source":{"id":"0","name":"eventBus"}}
{"__type":"$$EventMessageNode","id":"70ebbee3-bd30-4142-8ac6-e2d27860b07d","ts":"2025-12-26T01:27:53.577-05:00","eventName":"n8n.node.finished","message":"n8n.node.finished","payload":{"workflowId":"MjIy66BOwYRMpnpH","workflowName":"News Headline Fact-Checker","executionId":"16","nodeType":"n8n-nodes-base.manualTrigger","nodeName":"Manual Trigger","nodeId":"4e5444a5-45f6-4ede-8737-b45e48392139"}}
{"__type":"$$EventMessageConfirm","confirm":"70ebbee3-bd30-4142-8ac6-e2d27860b07d","ts":"2025-12-26T01:27:53.578-05:00","source":{"id":"0","name":"eventBus"}}
{"__type":"$$EventMessageNode","id":"f5d335e0-f668-441e-b1d6-0d799dd8d274","ts":"2025-12-26T01:27:53.579-05:00","eventName":"n8n.node.started","message":"n8n.node.started","payload":{"workflowId":"MjIy66BOwYRMpnpH","workflowName":"News Headline Fact-Checker","executionId":"16","nodeType":"n8n-nodes-base.set","nodeName":"Set Headline","nodeId":"64952667-64bf-43be-8258-0043fbca7c04"}}
{"__type":"$$EventMessageConfirm","confirm":"f5d335e0-f668-441e-b1d6-0d799dd8d274","ts":"2025-12-26T01:27:53.580-05:00","source":{"id":"0","name":"eventBus"}}
{"__type":"$$EventMessageNode","id":"2b7b2dec-c0f6-4dcd-8045-8939cb7367a8","ts":"2025-12-26T01:27:53.582-05:00","eventName":"n8n.node.finished","message":"n8n.node.finished","payload":{"workflowId":"MjIy66BOwYRMpnpH","workflowName":"News Headline Fact-Checker","executionId":"16","nodeType":"n8n-nodes-base.set","nodeName":"Set Headline","nodeId":"64952667-64bf-43be-8258-0043fbca7c04"}}
{"__type":"$$EventMessageConfirm","confirm":"2b7b2dec-c0f6-4dcd-8045-8939cb7367a8","ts":"2025-12-26T01:27:53.582-05:00","source":{"id":"0","name":"eventBus"}}
{"__type":"$$EventMessageNode","id":"630d7285-e51a-4868-9294-0bc3e05f61a1","ts":"2025-12-26T01:27:53.584-05:00","eventName":"n8n.node.started","message":"n8n.node.started","payload":{"workflowId":"MjIy66BOwYRMpnpH","workflowName":"News Headline Fact-Checker","executionId":"16","nodeType":"n8n-nodes-base.httpRequest","nodeName":"SerpAPI Search","nodeId":"b3ea7213-49eb-4e9e-a2e4-6e246504dd54"}}
{"__type":"$$EventMessageConfirm","confirm":"630d7285-e51a-4868-9294-0bc3e05f61a1","ts":"2025-12-26T01:27:53.584-05:00","source":{"id":"0","name":"eventBus"}}
{"__type":"$$EventMessageNode","id":"34ac73a9-45a5-4c14-8b50-f6bf32509e52","ts":"2025-12-26T01:27:54.076-05:00","eventName":"n8n.node.finished","message":"n8n.node.finished","payload":{"workflowId":"MjIy66BOwYRMpnpH","workflowName":"News Headline Fact-Checker","executionId":"16","nodeType":"n8n-nodes-base.httpRequest","nodeName":"SerpAPI Search","nodeId":"b3ea7213-49eb-4e9e-a2e4-6e246504dd54"}}
{"__type":"$$EventMessageConfirm","confirm":"34ac73a9-45a5-4c14-8b50-f6bf32509e52","ts":"2025-12-26T01:27:54.077-05:00","source":{"id":"0","name":"eventBus"}}
{"__type":"$$EventMessageNode","id":"ef7f03df-a158-4e6b-85e8-254debd5b2d6","ts":"2025-12-26T01:27:54.083-05:00","eventName":"n8n.node.started","message":"n8n.node.started","payload":{"workflowId":"MjIy66BOwYRMpnpH","workflowName":"News Headline Fact-Checker","executionId":"16","nodeType":"n8n-nodes-base.code","nodeName":"Format Search Results","nodeId":"f4ae2f72-856d-4a04-8e15-6b011914de45"}}
{"__type":"$$EventMessageConfirm","confirm":"ef7f03df-a158-4e6b-85e8-254debd5b2d6","ts":"2025-12-26T01:27:54.084-05:00","source":{"id":"0","name":"eventBus"}}
{"__type":"$$EventMessageRunner","id":"3a9ae3c4-5741-4ed9-acde-537cf7e00984","ts":"2025-12-26T01:27:54.089-05:00","eventName":"n8n.runner.task.requested","message":"n8n.runner.task.requested","payload":{"taskId":"dLoxXPCk","nodeId":"f4ae2f72-856d-4a04-8e15-6b011914de45","workflowId":"MjIy66BOwYRMpnpH","executionId":"16"}}
{"__type":"$$EventMessageConfirm","confirm":"3a9ae3c4-5741-4ed9-acde-537cf7e00984","ts":"2025-12-26T01:27:54.090-05:00","source":{"id":"0","name":"eventBus"}}
{"__type":"$$EventMessageRunner","id":"d0217b88-030b-4a03-8990-e5263f52bf57","ts":"2025-12-26T01:27:54.133-05:00","eventName":"n8n.runner.response.received","message":"n8n.runner.response.received","payload":{"taskId":"dLoxXPCk","nodeId":"f4ae2f72-856d-4a04-8e15-6b011914de45","workflowId":"MjIy66BOwYRMpnpH","executionId":"16"}}
{"__type":"$$EventMessageConfirm","confirm":"d0217b88-030b-4a03-8990-e5263f52bf57","ts":"2025-12-26T01:27:54.134-05:00","source":{"id":"0","name":"eventBus"}}
{"__type":"$$EventMessageNode","id":"d370b135-d0e2-4497-aaa8-e3450753391a","ts":"2025-12-26T01:27:54.135-05:00","eventName":"n8n.node.finished","message":"n8n.node.finished","payload":{"workflowId":"MjIy66BOwYRMpnpH","workflowName":"News Headline Fact-Checker","executionId":"16","nodeType":"n8n-nodes-base.code","nodeName":"Format Search Results","nodeId":"f4ae2f72-856d-4a04-8e15-6b011914de45"}}
{"__type":"$$EventMessageConfirm","confirm":"d370b135-d0e2-4497-aaa8-e3450753391a","ts":"2025-12-26T01:27:54.135-05:00","source":{"id":"0","name":"eventBus"}}
{"__type":"$$EventMessageNode","id":"326622d2-1399-432b-9c5b-80490b7d49bf","ts":"2025-12-26T01:27:54.139-05:00","eventName":"n8n.node.started","message":"n8n.node.started","payload":{"workflowId":"MjIy66BOwYRMpnpH","workflowName":"News Headline Fact-Checker","executionId":"16","nodeType":"n8n-nodes-base.httpRequest","nodeName":"HTTP Request","nodeId":"59e4d6bb-f3ad-4d29-be96-b63233d8061f"}}
{"__type":"$$EventMessageConfirm","confirm":"326622d2-1399-432b-9c5b-80490b7d49bf","ts":"2025-12-26T01:27:54.139-05:00","source":{"id":"0","name":"eventBus"}}
{"__type":"$$EventMessageNode","id":"c166f41d-d306-4956-a07e-3ad55149d507","ts":"2025-12-26T01:28:09.161-05:00","eventName":"n8n.node.finished","message":"n8n.node.finished","payload":{"workflowId":"MjIy66BOwYRMpnpH","workflowName":"News Headline Fact-Checker","executionId":"16","nodeType":"n8n-nodes-base.httpRequest","nodeName":"HTTP Request","nodeId":"59e4d6bb-f3ad-4d29-be96-b63233d8061f"}}
{"__type":"$$EventMessageConfirm","confirm":"c166f41d-d306-4956-a07e-3ad55149d507","ts":"2025-12-26T01:28:09.162-05:00","source":{"id":"0","name":"eventBus"}}
{"__type":"$$EventMessageNode","id":"2c2a4df5-2ae7-4c4e-9918-64edf87b7fc8","ts":"2025-12-26T01:28:09.165-05:00","eventName":"n8n.node.started","message":"n8n.node.started","payload":{"workflowId":"MjIy66BOwYRMpnpH","workflowName":"News Headline Fact-Checker","executionId":"16","nodeType":"n8n-nodes-base.code","nodeName":"Parse Fact Check Result","nodeId":"be663a2f-aafe-450f-8d64-fbbe50527db7"}}
{"__type":"$$EventMessageConfirm","confirm":"2c2a4df5-2ae7-4c4e-9918-64edf87b7fc8","ts":"2025-12-26T01:28:09.166-05:00","source":{"id":"0","name":"eventBus"}}
{"__type":"$$EventMessageRunner","id":"2e9ba9ea-6828-4834-9c26-88142edfb28b","ts":"2025-12-26T01:28:09.173-05:00","eventName":"n8n.runner.task.requested","message":"n8n.runner.task.requested","payload":{"taskId":"WL9iITMZ","nodeId":"be663a2f-aafe-450f-8d64-fbbe50527db7","workflowId":"MjIy66BOwYRMpnpH","executionId":"16"}}
{"__type":"$$EventMessageConfirm","confirm":"2e9ba9ea-6828-4834-9c26-88142edfb28b","ts":"2025-12-26T01:28:09.174-05:00","source":{"id":"0","name":"eventBus"}}
{"__type":"$$EventMessageRunner","id":"30f56f57-7cdd-4579-a4e7-b23cb07a2d21","ts":"2025-12-26T01:28:09.207-05:00","eventName":"n8n.runner.response.received","message":"n8n.runner.response.received","payload":{"taskId":"WL9iITMZ","nodeId":"be663a2f-aafe-450f-8d64-fbbe50527db7","workflowId":"MjIy66BOwYRMpnpH","executionId":"16"}}
{"__type":"$$EventMessageConfirm","confirm":"30f56f57-7cdd-4579-a4e7-b23cb07a2d21","ts":"2025-12-26T01:28:09.208-05:00","source":{"id":"0","name":"eventBus"}}
{"__type":"$$EventMessageNode","id":"1513a74f-61d2-4fab-96e2-7f5f52dd0077","ts":"2025-12-26T01:28:09.209-05:00","eventName":"n8n.node.finished","message":"n8n.node.finished","payload":{"workflowId":"MjIy66BOwYRMpnpH","workflowName":"News Headline Fact-Checker","executionId":"16","nodeType":"n8n-nodes-base.code","nodeName":"Parse Fact Check Result","nodeId":"be663a2f-aafe-450f-8d64-fbbe50527db7"}}
{"__type":"$$EventMessageConfirm","confirm":"1513a74f-61d2-4fab-96e2-7f5f52dd0077","ts":"2025-12-26T01:28:09.209-05:00","source":{"id":"0","name":"eventBus"}}
{"__type":"$$EventMessageNode","id":"53d872fa-2417-4bc5-83dc-beb591d9b00c","ts":"2025-12-26T01:28:09.214-05:00","eventName":"n8n.node.started","message":"n8n.node.started","payload":{"workflowId":"MjIy66BOwYRMpnpH","workflowName":"News Headline Fact-Checker","executionId":"16","nodeType":"n8n-nodes-base.postgres","nodeName":"Save to Database","nodeId":"aa00bd7d-a95f-48b9-b086-2d19f7e0d437"}}
{"__type":"$$EventMessageConfirm","confirm":"53d872fa-2417-4bc5-83dc-beb591d9b00c","ts":"2025-12-26T01:28:09.216-05:00","source":{"id":"0","name":"eventBus"}}
{"__type":"$$EventMessageNode","id":"dca6a3a4-b3a5-4bbe-adac-1a162d80cb3b","ts":"2025-12-26T01:28:09.331-05:00","eventName":"n8n.node.finished","message":"n8n.node.finished","payload":{"workflowId":"MjIy66BOwYRMpnpH","workflowName":"News Headline Fact-Checker","executionId":"16","nodeType":"n8n-nodes-base.postgres","nodeName":"Save to Database","nodeId":"aa00bd7d-a95f-48b9-b086-2d19f7e0d437"}}
{"__type":"$$EventMessageConfirm","confirm":"dca6a3a4-b3a5-4bbe-adac-1a162d80cb3b","ts":"2025-12-26T01:28:09.332-05:00","source":{"id":"0","name":"eventBus"}}
{"__type":"$$EventMessageNode","id":"13676297-2099-4982-808f-24bde7d33bed","ts":"2025-12-26T01:28:09.335-05:00","eventName":"n8n.node.started","message":"n8n.node.started","payload":{"workflowId":"MjIy66BOwYRMpnpH","workflowName":"News Headline Fact-Checker","executionId":"16","nodeType":"n8n-nodes-base.set","nodeName":"Format Final Output","nodeId":"b8007323-7adb-47fb-827e-3a430d814ae3"}}
{"__type":"$$EventMessageConfirm","confirm":"13676297-2099-4982-808f-24bde7d33bed","ts":"2025-12-26T01:28:09.335-05:00","source":{"id":"0","name":"eventBus"}}
{"__type":"$$EventMessageNode","id":"48aedbce-c024-4e2a-9fd5-9988b8757ca0","ts":"2025-12-26T01:28:09.339-05:00","eventName":"n8n.node.finished","message":"n8n.node.finished","payload":{"workflowId":"MjIy66BOwYRMpnpH","workflowName":"News Headline Fact-Checker","executionId":"16","nodeType":"n8n-nodes-base.set","nodeName":"Format Final Output","nodeId":"b8007323-7adb-47fb-827e-3a430d814ae3"}}
{"__type":"$$EventMessageConfirm","confirm":"48aedbce-c024-4e2a-9fd5-9988b8757ca0","ts":"2025-12-26T01:28:09.339-05:00","source":{"id":"0","name":"eventBus"}}
{"__type":"$$EventMessageWorkflow","id":"f1a0a92d-99ad-46d1-a043-a7c39a55597d","ts":"2025-12-26T01:28:09.350-05:00","eventName":"n8n.workflow.success","message":"n8n.workflow.success","payload":{"userId":"dbc383cd-b475-455f-9322-1e92a500ceb2","executionId":"16","success":true,"isManual":true,"workflowId":"MjIy66BOwYRMpnpH","workflowName":"News Headline Fact-Checker"}}
{"__type":"$$EventMessageConfirm","confirm":"f1a0a92d-99ad-46d1-a043-a7c39a55597d","ts":"2025-12-26T01:28:09.350-05:00","source":{"id":"0","name":"eventBus"}}
